------------------------------------------------------------
TimeQuest Timing Analyzer Summary
------------------------------------------------------------

Type  : Slow 1200mV 85C Model Setup 'inst2|altpll_component|auto_generated|pll1|clk[0]'
Slack : -11.712
TNS   : -85.822

Type  : Slow 1200mV 85C Model Setup 'game:inst|VGA_SYNC:SYNC|vert_sync_out'
Slack : -4.090
TNS   : -240.638

Type  : Slow 1200mV 85C Model Setup 'MOUSE:inst7|MOUSE_CLK_FILTER'
Slack : -2.297
TNS   : -172.117

Type  : Slow 1200mV 85C Model Setup 'game:inst|VGA_SYNC:SYNC|pixel_column[0]'
Slack : -1.384
TNS   : -7.064

Type  : Slow 1200mV 85C Model Hold 'game:inst|VGA_SYNC:SYNC|pixel_column[0]'
Slack : -9.161
TNS   : -48.986

Type  : Slow 1200mV 85C Model Hold 'game:inst|VGA_SYNC:SYNC|vert_sync_out'
Slack : -0.546
TNS   : -24.604

Type  : Slow 1200mV 85C Model Hold 'inst2|altpll_component|auto_generated|pll1|clk[0]'
Slack : -0.195
TNS   : -0.195

Type  : Slow 1200mV 85C Model Hold 'MOUSE:inst7|MOUSE_CLK_FILTER'
Slack : -0.085
TNS   : -0.198

Type  : Slow 1200mV 85C Model Recovery 'MOUSE:inst7|MOUSE_CLK_FILTER'
Slack : 0.114
TNS   : 0.000

Type  : Slow 1200mV 85C Model Removal 'MOUSE:inst7|MOUSE_CLK_FILTER'
Slack : -0.133
TNS   : -1.998

Type  : Slow 1200mV 85C Model Minimum Pulse Width 'game:inst|VGA_SYNC:SYNC|pixel_column[0]'
Slack : -4.128
TNS   : -330.084

Type  : Slow 1200mV 85C Model Minimum Pulse Width 'MOUSE:inst7|MOUSE_CLK_FILTER'
Slack : -1.000
TNS   : -90.000

Type  : Slow 1200mV 85C Model Minimum Pulse Width 'game:inst|VGA_SYNC:SYNC|vert_sync_out'
Slack : -1.000
TNS   : -88.000

Type  : Slow 1200mV 85C Model Minimum Pulse Width 'clk'
Slack : 9.825
TNS   : 0.000

Type  : Slow 1200mV 85C Model Minimum Pulse Width 'inst2|altpll_component|auto_generated|pll1|clk[0]'
Slack : 19.735
TNS   : 0.000

Type  : Slow 1200mV 0C Model Setup 'inst2|altpll_component|auto_generated|pll1|clk[0]'
Slack : -10.360
TNS   : -74.529

Type  : Slow 1200mV 0C Model Setup 'game:inst|VGA_SYNC:SYNC|vert_sync_out'
Slack : -3.607
TNS   : -208.488

Type  : Slow 1200mV 0C Model Setup 'MOUSE:inst7|MOUSE_CLK_FILTER'
Slack : -1.961
TNS   : -146.212

Type  : Slow 1200mV 0C Model Setup 'game:inst|VGA_SYNC:SYNC|pixel_column[0]'
Slack : -1.340
TNS   : -6.859

Type  : Slow 1200mV 0C Model Hold 'game:inst|VGA_SYNC:SYNC|pixel_column[0]'
Slack : -8.089
TNS   : -43.143

Type  : Slow 1200mV 0C Model Hold 'game:inst|VGA_SYNC:SYNC|vert_sync_out'
Slack : -0.399
TNS   : -14.642

Type  : Slow 1200mV 0C Model Hold 'inst2|altpll_component|auto_generated|pll1|clk[0]'
Slack : -0.301
TNS   : -0.301

Type  : Slow 1200mV 0C Model Hold 'MOUSE:inst7|MOUSE_CLK_FILTER'
Slack : 0.053
TNS   : 0.000

Type  : Slow 1200mV 0C Model Recovery 'MOUSE:inst7|MOUSE_CLK_FILTER'
Slack : 0.033
TNS   : 0.000

Type  : Slow 1200mV 0C Model Removal 'MOUSE:inst7|MOUSE_CLK_FILTER'
Slack : 0.091
TNS   : 0.000

Type  : Slow 1200mV 0C Model Minimum Pulse Width 'game:inst|VGA_SYNC:SYNC|pixel_column[0]'
Slack : -3.669
TNS   : -290.162

Type  : Slow 1200mV 0C Model Minimum Pulse Width 'MOUSE:inst7|MOUSE_CLK_FILTER'
Slack : -1.000
TNS   : -90.000

Type  : Slow 1200mV 0C Model Minimum Pulse Width 'game:inst|VGA_SYNC:SYNC|vert_sync_out'
Slack : -1.000
TNS   : -88.000

Type  : Slow 1200mV 0C Model Minimum Pulse Width 'clk'
Slack : 9.785
TNS   : 0.000

Type  : Slow 1200mV 0C Model Minimum Pulse Width 'inst2|altpll_component|auto_generated|pll1|clk[0]'
Slack : 19.742
TNS   : 0.000

Type  : Fast 1200mV 0C Model Setup 'inst2|altpll_component|auto_generated|pll1|clk[0]'
Slack : -6.534
TNS   : -45.566

Type  : Fast 1200mV 0C Model Setup 'game:inst|VGA_SYNC:SYNC|vert_sync_out'
Slack : -1.802
TNS   : -97.300

Type  : Fast 1200mV 0C Model Setup 'MOUSE:inst7|MOUSE_CLK_FILTER'
Slack : -0.887
TNS   : -58.028

Type  : Fast 1200mV 0C Model Setup 'game:inst|VGA_SYNC:SYNC|pixel_column[0]'
Slack : -0.266
TNS   : -1.057

Type  : Fast 1200mV 0C Model Hold 'game:inst|VGA_SYNC:SYNC|pixel_column[0]'
Slack : -5.388
TNS   : -29.013

Type  : Fast 1200mV 0C Model Hold 'game:inst|VGA_SYNC:SYNC|vert_sync_out'
Slack : -0.501
TNS   : -28.016

Type  : Fast 1200mV 0C Model Hold 'MOUSE:inst7|MOUSE_CLK_FILTER'
Slack : -0.186
TNS   : -0.479

Type  : Fast 1200mV 0C Model Hold 'inst2|altpll_component|auto_generated|pll1|clk[0]'
Slack : -0.142
TNS   : -0.142

Type  : Fast 1200mV 0C Model Recovery 'MOUSE:inst7|MOUSE_CLK_FILTER'
Slack : 0.262
TNS   : 0.000

Type  : Fast 1200mV 0C Model Removal 'MOUSE:inst7|MOUSE_CLK_FILTER'
Slack : -0.023
TNS   : -0.253

Type  : Fast 1200mV 0C Model Minimum Pulse Width 'game:inst|VGA_SYNC:SYNC|pixel_column[0]'
Slack : -2.247
TNS   : -157.412

Type  : Fast 1200mV 0C Model Minimum Pulse Width 'MOUSE:inst7|MOUSE_CLK_FILTER'
Slack : -1.000
TNS   : -90.000

Type  : Fast 1200mV 0C Model Minimum Pulse Width 'game:inst|VGA_SYNC:SYNC|vert_sync_out'
Slack : -1.000
TNS   : -88.000

Type  : Fast 1200mV 0C Model Minimum Pulse Width 'clk'
Slack : 9.585
TNS   : 0.000

Type  : Fast 1200mV 0C Model Minimum Pulse Width 'inst2|altpll_component|auto_generated|pll1|clk[0]'
Slack : 19.749
TNS   : 0.000

------------------------------------------------------------
