------------------------------------------------------------
TimeQuest Timing Analyzer Summary
------------------------------------------------------------

Type  : Slow 1200mV 85C Model Setup 'inst2|altpll_component|auto_generated|pll1|clk[0]'
Slack : -14.329
TNS   : -113.247

Type  : Slow 1200mV 85C Model Setup 'game:inst|VGA_SYNC:SYNC|vert_sync_out'
Slack : -3.727
TNS   : -234.461

Type  : Slow 1200mV 85C Model Setup 'game:inst|VGA_SYNC:SYNC|pixel_column[0]'
Slack : -3.047
TNS   : -13.317

Type  : Slow 1200mV 85C Model Setup 'MOUSE:inst7|MOUSE_CLK_FILTER'
Slack : -2.078
TNS   : -101.383

Type  : Slow 1200mV 85C Model Setup 'game:inst|Pipe1_X_pos[2]'
Slack : -0.049
TNS   : -0.049

Type  : Slow 1200mV 85C Model Hold 'game:inst|VGA_SYNC:SYNC|pixel_column[0]'
Slack : -7.256
TNS   : -42.559

Type  : Slow 1200mV 85C Model Hold 'game:inst|Pipe1_X_pos[2]'
Slack : -2.756
TNS   : -10.956

Type  : Slow 1200mV 85C Model Hold 'game:inst|VGA_SYNC:SYNC|vert_sync_out'
Slack : -2.473
TNS   : -5.686

Type  : Slow 1200mV 85C Model Hold 'inst2|altpll_component|auto_generated|pll1|clk[0]'
Slack : -0.186
TNS   : -0.186

Type  : Slow 1200mV 85C Model Hold 'MOUSE:inst7|MOUSE_CLK_FILTER'
Slack : -0.104
TNS   : -0.985

Type  : Slow 1200mV 85C Model Recovery 'MOUSE:inst7|MOUSE_CLK_FILTER'
Slack : -0.030
TNS   : -0.150

Type  : Slow 1200mV 85C Model Removal 'MOUSE:inst7|MOUSE_CLK_FILTER'
Slack : -0.131
TNS   : -1.441

Type  : Slow 1200mV 85C Model Minimum Pulse Width 'game:inst|VGA_SYNC:SYNC|pixel_column[0]'
Slack : -4.787
TNS   : -362.001

Type  : Slow 1200mV 85C Model Minimum Pulse Width 'game:inst|VGA_SYNC:SYNC|vert_sync_out'
Slack : -1.000
TNS   : -88.000

Type  : Slow 1200mV 85C Model Minimum Pulse Width 'MOUSE:inst7|MOUSE_CLK_FILTER'
Slack : -1.000
TNS   : -62.000

Type  : Slow 1200mV 85C Model Minimum Pulse Width 'game:inst|Pipe1_X_pos[2]'
Slack : 0.346
TNS   : 0.000

Type  : Slow 1200mV 85C Model Minimum Pulse Width 'clk'
Slack : 9.825
TNS   : 0.000

Type  : Slow 1200mV 85C Model Minimum Pulse Width 'inst2|altpll_component|auto_generated|pll1|clk[0]'
Slack : 19.736
TNS   : 0.000

Type  : Slow 1200mV 0C Model Setup 'inst2|altpll_component|auto_generated|pll1|clk[0]'
Slack : -12.689
TNS   : -99.002

Type  : Slow 1200mV 0C Model Setup 'game:inst|VGA_SYNC:SYNC|vert_sync_out'
Slack : -3.288
TNS   : -202.998

Type  : Slow 1200mV 0C Model Setup 'game:inst|VGA_SYNC:SYNC|pixel_column[0]'
Slack : -2.887
TNS   : -12.728

Type  : Slow 1200mV 0C Model Setup 'MOUSE:inst7|MOUSE_CLK_FILTER'
Slack : -1.767
TNS   : -85.633

Type  : Slow 1200mV 0C Model Setup 'game:inst|Pipe1_X_pos[2]'
Slack : -0.156
TNS   : -0.156

Type  : Slow 1200mV 0C Model Hold 'game:inst|VGA_SYNC:SYNC|pixel_column[0]'
Slack : -6.406
TNS   : -37.517

Type  : Slow 1200mV 0C Model Hold 'game:inst|Pipe1_X_pos[2]'
Slack : -2.267
TNS   : -7.814

Type  : Slow 1200mV 0C Model Hold 'game:inst|VGA_SYNC:SYNC|vert_sync_out'
Slack : -2.232
TNS   : -2.894

Type  : Slow 1200mV 0C Model Hold 'inst2|altpll_component|auto_generated|pll1|clk[0]'
Slack : -0.293
TNS   : -0.293

Type  : Slow 1200mV 0C Model Hold 'MOUSE:inst7|MOUSE_CLK_FILTER'
Slack : 0.044
TNS   : 0.000

Type  : Slow 1200mV 0C Model Recovery 'MOUSE:inst7|MOUSE_CLK_FILTER'
Slack : -0.107
TNS   : -0.535

Type  : Slow 1200mV 0C Model Removal 'MOUSE:inst7|MOUSE_CLK_FILTER'
Slack : 0.094
TNS   : 0.000

Type  : Slow 1200mV 0C Model Minimum Pulse Width 'game:inst|VGA_SYNC:SYNC|pixel_column[0]'
Slack : -4.169
TNS   : -320.088

Type  : Slow 1200mV 0C Model Minimum Pulse Width 'game:inst|VGA_SYNC:SYNC|vert_sync_out'
Slack : -1.000
TNS   : -88.000

Type  : Slow 1200mV 0C Model Minimum Pulse Width 'MOUSE:inst7|MOUSE_CLK_FILTER'
Slack : -1.000
TNS   : -62.000

Type  : Slow 1200mV 0C Model Minimum Pulse Width 'game:inst|Pipe1_X_pos[2]'
Slack : 0.411
TNS   : 0.000

Type  : Slow 1200mV 0C Model Minimum Pulse Width 'clk'
Slack : 9.785
TNS   : 0.000

Type  : Slow 1200mV 0C Model Minimum Pulse Width 'inst2|altpll_component|auto_generated|pll1|clk[0]'
Slack : 19.741
TNS   : 0.000

Type  : Fast 1200mV 0C Model Setup 'inst2|altpll_component|auto_generated|pll1|clk[0]'
Slack : -8.120
TNS   : -61.559

Type  : Fast 1200mV 0C Model Setup 'game:inst|VGA_SYNC:SYNC|vert_sync_out'
Slack : -1.609
TNS   : -93.500

Type  : Fast 1200mV 0C Model Setup 'game:inst|VGA_SYNC:SYNC|pixel_column[0]'
Slack : -1.379
TNS   : -4.966

Type  : Fast 1200mV 0C Model Setup 'MOUSE:inst7|MOUSE_CLK_FILTER'
Slack : -0.719
TNS   : -29.250

Type  : Fast 1200mV 0C Model Setup 'game:inst|Pipe1_X_pos[2]'
Slack : 0.090
TNS   : 0.000

Type  : Fast 1200mV 0C Model Hold 'game:inst|VGA_SYNC:SYNC|pixel_column[0]'
Slack : -4.272
TNS   : -24.959

Type  : Fast 1200mV 0C Model Hold 'game:inst|Pipe1_X_pos[2]'
Slack : -1.528
TNS   : -5.712

Type  : Fast 1200mV 0C Model Hold 'game:inst|VGA_SYNC:SYNC|vert_sync_out'
Slack : -1.469
TNS   : -13.392

Type  : Fast 1200mV 0C Model Hold 'MOUSE:inst7|MOUSE_CLK_FILTER'
Slack : -0.199
TNS   : -2.685

Type  : Fast 1200mV 0C Model Hold 'inst2|altpll_component|auto_generated|pll1|clk[0]'
Slack : -0.137
TNS   : -0.137

Type  : Fast 1200mV 0C Model Recovery 'MOUSE:inst7|MOUSE_CLK_FILTER'
Slack : 0.196
TNS   : 0.000

Type  : Fast 1200mV 0C Model Removal 'MOUSE:inst7|MOUSE_CLK_FILTER'
Slack : 0.001
TNS   : 0.000

Type  : Fast 1200mV 0C Model Minimum Pulse Width 'game:inst|VGA_SYNC:SYNC|pixel_column[0]'
Slack : -2.695
TNS   : -174.934

Type  : Fast 1200mV 0C Model Minimum Pulse Width 'game:inst|VGA_SYNC:SYNC|vert_sync_out'
Slack : -1.000
TNS   : -88.000

Type  : Fast 1200mV 0C Model Minimum Pulse Width 'MOUSE:inst7|MOUSE_CLK_FILTER'
Slack : -1.000
TNS   : -62.000

Type  : Fast 1200mV 0C Model Minimum Pulse Width 'game:inst|Pipe1_X_pos[2]'
Slack : 0.289
TNS   : 0.000

Type  : Fast 1200mV 0C Model Minimum Pulse Width 'clk'
Slack : 9.585
TNS   : 0.000

Type  : Fast 1200mV 0C Model Minimum Pulse Width 'inst2|altpll_component|auto_generated|pll1|clk[0]'
Slack : 19.749
TNS   : 0.000

------------------------------------------------------------
